// Jest Snapshot v1, https://goo.gl/fbAQLP

exports[`extractRecipeContent should extract content correctly from valid JSON-LD 1`] = `
{
  "cookTime": "PT30M",
  "ingredientsText": "1 cup Flour
2 Eggs",
  "instructionsText": "Mix ingredients.
Bake the cake.",
  "isFallback": false,
  "prepTime": "PT15M",
  "recipeYieldText": "4 servings",
  "title": "JSON-LD Recipe Title",
  "totalTime": "PT45M",
}
`;

exports[`extractRecipeContent should extract content using CSS selectors when JSON-LD is missing 1`] = `
{
  "cookTime": null,
  "ingredientsText": "Ingredient 2 from CSS
Ingredient 1 from CSS",
  "instructionsText": "Step 2 from CSS.
Step 1 from CSS.",
  "isFallback": false,
  "prepTime": null,
  "recipeYieldText": null,
  "title": "CSS Selector Title",
  "totalTime": null,
}
`;
