// Jest Snapshot v1, https://goo.gl/fbAQLP

exports[`URL Processing Integration Test Harness should process and snapshot allrecipes_judys_strawberry_pretzel_salad.html: final_recipe_object 1`] = `
{
  "ingredients": [
    {
      "name": "Mock Ingredient A",
      "originalText": "1 cup Mock Ingredient A",
    },
  ],
  "instructions": [
    {
      "originalText": "Mock Gemini step 1.",
    },
  ],
  "title": "Mocked Gemini Recipe Title via @google/generative-ai mock",
}
`;

exports[`URL Processing Integration Test Harness should process and snapshot chimichurri-chickpeas.html: final_recipe_object 1`] = `
{
  "ingredients": [
    {
      "name": "Mock Ingredient A",
      "originalText": "1 cup Mock Ingredient A",
    },
  ],
  "instructions": [
    {
      "originalText": "Mock Gemini step 1.",
    },
  ],
  "title": "Mocked Gemini Recipe Title via @google/generative-ai mock",
}
`;

exports[`URL Processing Integration Test Harness should process and snapshot crispy-pepperoni-dip.html: final_recipe_object 1`] = `
{
  "ingredients": [
    {
      "name": "Mock Ingredient A",
      "originalText": "1 cup Mock Ingredient A",
    },
  ],
  "instructions": [
    {
      "originalText": "Mock Gemini step 1.",
    },
  ],
  "title": "Mocked Gemini Recipe Title via @google/generative-ai mock",
}
`;

exports[`URL Processing Integration Test Harness should process and snapshot dill-pickle-potato-salad.html: final_recipe_object 1`] = `
{
  "ingredients": [
    {
      "name": "Mock Ingredient A",
      "originalText": "1 cup Mock Ingredient A",
    },
  ],
  "instructions": [
    {
      "originalText": "Mock Gemini step 1.",
    },
  ],
  "title": "Mocked Gemini Recipe Title via @google/generative-ai mock",
}
`;

exports[`URL Processing Integration Test Harness should process and snapshot halfbakedharvest_dijon_salmon_panko_potatoes.html: final_recipe_object 1`] = `null`;

exports[`URL Processing Integration Test Harness should process and snapshot kataifi-wrapped-feta.html: final_recipe_object 1`] = `
{
  "ingredients": [
    {
      "name": "Mock Ingredient A",
      "originalText": "1 cup Mock Ingredient A",
    },
  ],
  "instructions": [
    {
      "originalText": "Mock Gemini step 1.",
    },
  ],
  "title": "Mocked Gemini Recipe Title via @google/generative-ai mock",
}
`;

exports[`URL Processing Integration Test Harness should process and snapshot tomato-sauce.html: final_recipe_object 1`] = `
{
  "ingredients": [
    {
      "name": "Mock Ingredient A",
      "originalText": "1 cup Mock Ingredient A",
    },
  ],
  "instructions": [
    {
      "originalText": "Mock Gemini step 1.",
    },
  ],
  "title": "Mocked Gemini Recipe Title via @google/generative-ai mock",
}
`;
